// Jest Snapshot v1, https://goo.gl/fbAQLP

exports[`renders 1`] = `
.c0 {
  font-family: 'Work Sans',Arial,sans-serif;
  font-size: 1em;
  line-height: 1.5;
  color: #444444;
  box-sizing: border-box;
  -webkit-text-size-adjust: 100%;
  -ms-text-size-adjust: 100%;
  -moz-osx-font-smoothing: grayscale;
  -webkit-font-smoothing: antialiased;
}

.c1 {
  display: -webkit-box;
  display: -webkit-flex;
  display: -ms-flexbox;
  display: flex;
  box-sizing: border-box;
  outline: none;
  max-width: 100%;
  min-width: 0;
  -webkit-flex-direction: column;
  -ms-flex-direction: column;
  flex-direction: column;
  margin-bottom: 12px;
  padding: 0;
}

.c2 {
  display: -webkit-box;
  display: -webkit-flex;
  display: -ms-flexbox;
  display: flex;
  box-sizing: border-box;
  outline: none;
  max-width: 100%;
  border-bottom: solid 1px rgba(0,0,0,0.33);
  min-width: 0;
  -webkit-flex-direction: column;
  -ms-flex-direction: column;
  flex-direction: column;
  margin: 0;
  padding: 0;
}

.c4 {
  font-family: 'Work Sans',Arial,sans-serif;
  font-size: 1em;
  line-height: 1.5;
  color: #444444;
  box-sizing: border-box;
  -webkit-text-size-adjust: 100%;
  -ms-text-size-adjust: 100%;
  -moz-osx-font-smoothing: grayscale;
  -webkit-font-smoothing: antialiased;
  padding: 11px;
  border: 1px solid rgba(0,0,0,0.33);
  border-radius: 4px;
  outline: none;
  background-color: transparent;
  color: inherit;
  font-weight: 600;
  margin: 0;
  width: 100%;
  -webkit-appearance: textfield;
  border: none;
  -webkit-appearance: none;
}

.c4::-webkit-input-placeholder {
  color: #AAAAAA;
}

.c4::-moz-placeholder {
  color: #AAAAAA;
}

.c4:-ms-input-placeholder {
  color: #AAAAAA;
}

.c4::-moz-focus-inner {
  border: none;
  outline: none;
}

.c3 {
  width: 100%;
}

@media only screen and (max-width:699px) {
  .c1 {
    margin-bottom: 6px;
  }
}

@media only screen and (max-width:699px) {
  .c1 {
    padding: 0;
  }
}

@media only screen and (max-width:699px) {
  .c2 {
    border-bottom: solid 1px rgba(0,0,0,0.33);
  }
}

@media only screen and (max-width:699px) {
  .c2 {
    margin: 0;
  }
}

@media only screen and (max-width:699px) {
  .c2 {
    padding: 0;
  }
}

<div
  className="c0"
>
  <div
    className="c1"
    onBlur={[Function]}
    onClick={[Function]}
    onFocus={[Function]}
  >
    <div
      className="c2"
    />
  </div>
  <div
    className="c1"
    onBlur={[Function]}
    onClick={[Function]}
    onFocus={[Function]}
  >
    <div
      className="c2"
    >
      <div
        className="c3"
      >
        <input
          autoComplete="off"
          className="c4"
          onBlur={[Function]}
          onFocus={[Function]}
          onInput={[Function]}
          onKeyDown={[Function]}
        />
      </div>
    </div>
  </div>
</div>
`;

exports[`renders error 1`] = `
.c0 {
  font-family: 'Work Sans',Arial,sans-serif;
  font-size: 1em;
  line-height: 1.5;
  color: #444444;
  box-sizing: border-box;
  -webkit-text-size-adjust: 100%;
  -ms-text-size-adjust: 100%;
  -moz-osx-font-smoothing: grayscale;
  -webkit-font-smoothing: antialiased;
}

.c1 {
  display: -webkit-box;
  display: -webkit-flex;
  display: -ms-flexbox;
  display: flex;
  box-sizing: border-box;
  outline: none;
  max-width: 100%;
  min-width: 0;
  -webkit-flex-direction: column;
  -ms-flex-direction: column;
  flex-direction: column;
  margin-bottom: 12px;
  padding: 0;
}

.c3 {
  display: -webkit-box;
  display: -webkit-flex;
  display: -ms-flexbox;
  display: flex;
  box-sizing: border-box;
  outline: none;
  max-width: 100%;
  min-width: 0;
  -webkit-flex-direction: column;
  -ms-flex-direction: column;
  flex-direction: column;
  margin-left: 12px;
  margin-right: 12px;
  margin-top: 6px;
  margin-bottom: 6px;
  padding: 0;
}

.c2 {
  display: -webkit-box;
  display: -webkit-flex;
  display: -ms-flexbox;
  display: flex;
  box-sizing: border-box;
  outline: none;
  max-width: 100%;
  border-bottom: solid 1px #E1746A;
  min-width: 0;
  -webkit-flex-direction: column;
  -ms-flex-direction: column;
  flex-direction: column;
  margin: 0;
  padding: 0;
}

.c4 {
  font-family: 'Work Sans',Arial,sans-serif;
  font-size: 1em;
  line-height: 1.5;
  color: #444444;
  box-sizing: border-box;
  -webkit-text-size-adjust: 100%;
  -ms-text-size-adjust: 100%;
  -moz-osx-font-smoothing: grayscale;
  -webkit-font-smoothing: antialiased;
  font-size: 16px;
  line-height: 1.375;
  color: #E1746A;
}

@media only screen and (max-width:699px) {
  .c1 {
    margin-bottom: 6px;
  }
}

@media only screen and (max-width:699px) {
  .c1 {
    padding: 0;
  }
}

@media only screen and (max-width:699px) {
  .c3 {
    margin-left: 6px;
    margin-right: 6px;
  }
}

@media only screen and (max-width:699px) {
  .c3 {
    margin-top: 3px;
    margin-bottom: 3px;
  }
}

@media only screen and (max-width:699px) {
  .c3 {
    padding: 0;
  }
}

@media only screen and (max-width:699px) {
  .c2 {
    border-bottom: solid 1px #E1746A;
  }
}

@media only screen and (max-width:699px) {
  .c2 {
    margin: 0;
  }
}

@media only screen and (max-width:699px) {
  .c2 {
    padding: 0;
  }
}

<div
  className="c0"
>
  <div
    className="c1"
    onBlur={[Function]}
    onClick={[Function]}
    onFocus={[Function]}
  >
    <div
      className="c2"
    />
    <div
      className="c3"
    >
      <span
        className="c4"
        color="status-critical"
      >
        test error
      </span>
    </div>
  </div>
</div>
`;

exports[`renders help 1`] = `
.c0 {
  font-family: 'Work Sans',Arial,sans-serif;
  font-size: 1em;
  line-height: 1.5;
  color: #444444;
  box-sizing: border-box;
  -webkit-text-size-adjust: 100%;
  -ms-text-size-adjust: 100%;
  -moz-osx-font-smoothing: grayscale;
  -webkit-font-smoothing: antialiased;
}

.c1 {
  display: -webkit-box;
  display: -webkit-flex;
  display: -ms-flexbox;
  display: flex;
  box-sizing: border-box;
  outline: none;
  max-width: 100%;
  min-width: 0;
  -webkit-flex-direction: column;
  -ms-flex-direction: column;
  flex-direction: column;
  margin-bottom: 12px;
  padding: 0;
}

.c4 {
  display: -webkit-box;
  display: -webkit-flex;
  display: -ms-flexbox;
  display: flex;
  box-sizing: border-box;
  outline: none;
  max-width: 100%;
  border-bottom: solid 1px rgba(0,0,0,0.33);
  min-width: 0;
  -webkit-flex-direction: column;
  -ms-flex-direction: column;
  flex-direction: column;
  margin: 0;
  padding: 0;
}

.c2 {
  display: -webkit-box;
  display: -webkit-flex;
  display: -ms-flexbox;
  display: flex;
  box-sizing: border-box;
  outline: none;
  max-width: 100%;
  min-width: 0;
  -webkit-flex-direction: column;
  -ms-flex-direction: column;
  flex-direction: column;
  margin-left: 12px;
  margin-right: 12px;
  margin-top: 6px;
  margin-bottom: 6px;
  padding: 0;
}

.c3 {
  font-family: 'Work Sans',Arial,sans-serif;
  font-size: 1em;
  line-height: 1.5;
  color: #444444;
  box-sizing: border-box;
  -webkit-text-size-adjust: 100%;
  -ms-text-size-adjust: 100%;
  -moz-osx-font-smoothing: grayscale;
  -webkit-font-smoothing: antialiased;
  font-size: 16px;
  line-height: 1.375;
  color: #777777;
}

@media only screen and (max-width:699px) {
  .c1 {
    margin-bottom: 6px;
  }
}

@media only screen and (max-width:699px) {
  .c1 {
    padding: 0;
  }
}

@media only screen and (max-width:699px) {
  .c4 {
    border-bottom: solid 1px rgba(0,0,0,0.33);
  }
}

@media only screen and (max-width:699px) {
  .c4 {
    margin: 0;
  }
}

@media only screen and (max-width:699px) {
  .c4 {
    padding: 0;
  }
}

@media only screen and (max-width:699px) {
  .c2 {
    margin-left: 6px;
    margin-right: 6px;
  }
}

@media only screen and (max-width:699px) {
  .c2 {
    margin-top: 3px;
    margin-bottom: 3px;
  }
}

@media only screen and (max-width:699px) {
  .c2 {
    padding: 0;
  }
}

<div
  className="c0"
>
  <div
    className="c1"
    onBlur={[Function]}
    onClick={[Function]}
    onFocus={[Function]}
  >
    <div
      className="c2"
    >
      <span
        className="c3"
        color="dark-5"
      >
        test help
      </span>
    </div>
    <div
      className="c4"
    />
  </div>
</div>
`;

exports[`renders htmlFor 1`] = `
.c0 {
  font-family: 'Work Sans',Arial,sans-serif;
  font-size: 1em;
  line-height: 1.5;
  color: #444444;
  box-sizing: border-box;
  -webkit-text-size-adjust: 100%;
  -ms-text-size-adjust: 100%;
  -moz-osx-font-smoothing: grayscale;
  -webkit-font-smoothing: antialiased;
}

.c1 {
  display: -webkit-box;
  display: -webkit-flex;
  display: -ms-flexbox;
  display: flex;
  box-sizing: border-box;
  outline: none;
  max-width: 100%;
  min-width: 0;
  -webkit-flex-direction: column;
  -ms-flex-direction: column;
  flex-direction: column;
  margin-bottom: 12px;
  padding: 0;
}

.c2 {
  display: -webkit-box;
  display: -webkit-flex;
  display: -ms-flexbox;
  display: flex;
  box-sizing: border-box;
  outline: none;
  max-width: 100%;
  border-bottom: solid 1px rgba(0,0,0,0.33);
  min-width: 0;
  -webkit-flex-direction: column;
  -ms-flex-direction: column;
  flex-direction: column;
  margin: 0;
  padding: 0;
}

@media only screen and (max-width:699px) {
  .c1 {
    margin-bottom: 6px;
  }
}

@media only screen and (max-width:699px) {
  .c1 {
    padding: 0;
  }
}

@media only screen and (max-width:699px) {
  .c2 {
    border-bottom: solid 1px rgba(0,0,0,0.33);
  }
}

@media only screen and (max-width:699px) {
  .c2 {
    margin: 0;
  }
}

@media only screen and (max-width:699px) {
  .c2 {
    padding: 0;
  }
}

<div
  className="c0"
>
  <div
    className="c1"
    onBlur={[Function]}
    onClick={[Function]}
    onFocus={[Function]}
  >
    <div
      className="c2"
    />
  </div>
</div>
`;

exports[`renders label 1`] = `
.c0 {
  font-family: 'Work Sans',Arial,sans-serif;
  font-size: 1em;
  line-height: 1.5;
  color: #444444;
  box-sizing: border-box;
  -webkit-text-size-adjust: 100%;
  -ms-text-size-adjust: 100%;
  -moz-osx-font-smoothing: grayscale;
  -webkit-font-smoothing: antialiased;
}

.c1 {
  display: -webkit-box;
  display: -webkit-flex;
  display: -ms-flexbox;
  display: flex;
  box-sizing: border-box;
  outline: none;
  max-width: 100%;
  min-width: 0;
  -webkit-flex-direction: column;
  -ms-flex-direction: column;
  flex-direction: column;
  margin-bottom: 12px;
  padding: 0;
}

.c4 {
  display: -webkit-box;
  display: -webkit-flex;
  display: -ms-flexbox;
  display: flex;
  box-sizing: border-box;
  outline: none;
  max-width: 100%;
  border-bottom: solid 1px rgba(0,0,0,0.33);
  min-width: 0;
  -webkit-flex-direction: column;
  -ms-flex-direction: column;
  flex-direction: column;
  margin: 0;
  padding: 0;
}

.c2 {
  display: -webkit-box;
  display: -webkit-flex;
  display: -ms-flexbox;
  display: flex;
  box-sizing: border-box;
  outline: none;
  max-width: 100%;
  min-width: 0;
  -webkit-flex-direction: column;
  -ms-flex-direction: column;
  flex-direction: column;
  margin-left: 12px;
  margin-right: 12px;
  margin-top: 6px;
  margin-bottom: 6px;
  padding: 0;
}

.c3 {
  font-family: 'Work Sans',Arial,sans-serif;
  font-size: 1em;
  line-height: 1.5;
  color: #444444;
  box-sizing: border-box;
  -webkit-text-size-adjust: 100%;
  -ms-text-size-adjust: 100%;
  -moz-osx-font-smoothing: grayscale;
  -webkit-font-smoothing: antialiased;
  font-size: 16px;
  line-height: 1.375;
}

@media only screen and (max-width:699px) {
  .c1 {
    margin-bottom: 6px;
  }
}

@media only screen and (max-width:699px) {
  .c1 {
    padding: 0;
  }
}

@media only screen and (max-width:699px) {
  .c4 {
    border-bottom: solid 1px rgba(0,0,0,0.33);
  }
}

@media only screen and (max-width:699px) {
  .c4 {
    margin: 0;
  }
}

@media only screen and (max-width:699px) {
  .c4 {
    padding: 0;
  }
}

@media only screen and (max-width:699px) {
  .c2 {
    margin-left: 6px;
    margin-right: 6px;
  }
}

@media only screen and (max-width:699px) {
  .c2 {
    margin-top: 3px;
    margin-bottom: 3px;
  }
}

@media only screen and (max-width:699px) {
  .c2 {
    padding: 0;
  }
}

<div
  className="c0"
>
  <div
    className="c1"
    onBlur={[Function]}
    onClick={[Function]}
    onFocus={[Function]}
  >
    <div
      className="c2"
    >
      <label
        className="c3"
      >
        test label
      </label>
    </div>
    <div
      className="c4"
    />
  </div>
</div>
`;
